TEST FAILED: History item name mismatch. Expected test.docx, got 
                
                    
                        
                    
                    
                        test.docx
                        
                            
                            6/4/2026
                        
                    
                
                
                    AI 0%
                    Sim 0%
                    PROCESSING
                
            